=== Installing isolated PyTorch environment ===
Requirement already satisfied: pip in /tmp/sionm/techjam3-sweep-770672/.venv/lib/python3.12/site-packages (24.0)
Collecting pip
  Using cached pip-26.2.1-py3-none-any.whl.metadata (4.6 kB)
Using cached pip-26.2.1-py3-none-any.whl (1.8 MB)
Installing collected packages: pip
  Attempting uninstall: pip
    Found existing installation: pip 24.0
    Uninstalling pip-24.0:
      Successfully uninstalled pip-24.0
Successfully installed pip-26.2.1
Looking in indexes: https://download.pytorch.org/whl/cu128, https://pypi.org/simple
Collecting torch==2.11.0+cu128
  Downloading torch-2.11.0%2Bcu128-cp312-cp312-manylinux_2_28_x86_64.whl.metadata (29 kB)
Collecting filelock (from torch==2.11.0+cu128)
  Downloading filelock-3.32.4-py3-none-any.whl.metadata (2.0 kB)
Collecting typing-extensions>=4.10.0 (from torch==2.11.0+cu128)
  Downloading typing_extensions-4.16.0-py3-none-any.whl.metadata (3.3 kB)
Collecting setuptools<82 (from torch==2.11.0+cu128)
  Downloading setuptools-81.0.0-py3-none-any.whl.metadata (6.6 kB)
Collecting sympy>=1.13.3 (from torch==2.11.0+cu128)
  Downloading sympy-1.14.0-py3-none-any.whl.metadata (12 kB)
Collecting networkx>=2.5.1 (from torch==2.11.0+cu128)
  Downloading networkx-3.6.1-py3-none-any.whl.metadata (6.8 kB)
Collecting jinja2 (from torch==2.11.0+cu128)
  Downloading jinja2-3.1.6-py3-none-any.whl.metadata (2.9 kB)
Collecting fsspec>=0.8.5 (from torch==2.11.0+cu128)
  Downloading fsspec-2026.7.0-py3-none-any.whl.metadata (10 kB)
Collecting cuda-toolkit==12.8.1 (from cuda-toolkit[cublas,cudart,cufft,cufile,cupti,curand,cusolver,cusparse,nvjitlink,nvrtc,nvtx]==12.8.1; platform_system == "Linux"->torch==2.11.0+cu128)
  Downloading cuda_toolkit-12.8.1-py2.py3-none-any.whl.metadata (8.6 kB)
Collecting cuda-bindings<13,>=12.9.4 (from torch==2.11.0+cu128)
  Downloading cuda_bindings-12.9.7-cp312-cp312-manylinux_2_24_x86_64.manylinux_2_28_x86_64.whl.metadata (2.6 kB)
Collecting nvidia-cudnn-cu12==9.19.0.56 (from torch==2.11.0+cu128)
  Downloading nvidia_cudnn_cu12-9.19.0.56-py3-none-manylinux_2_27_x86_64.whl.metadata (1.9 kB)
Collecting nvidia-cusparselt-cu12==0.7.1 (from torch==2.11.0+cu128)
  Downloading nvidia_cusparselt_cu12-0.7.1-py3-none-manylinux2014_x86_64.whl.metadata (7.0 kB)
Collecting nvidia-nccl-cu12==2.28.9 (from torch==2.11.0+cu128)
  Downloading nvidia_nccl_cu12-2.28.9-py3-none-manylinux_2_18_x86_64.whl.metadata (2.0 kB)
Collecting nvidia-nvshmem-cu12==3.4.5 (from torch==2.11.0+cu128)
  Downloading nvidia_nvshmem_cu12-3.4.5-py3-none-manylinux2014_x86_64.manylinux_2_17_x86_64.whl.metadata (2.1 kB)
Collecting triton==3.6.0 (from torch==2.11.0+cu128)
  Downloading triton-3.6.0-cp312-cp312-manylinux_2_27_x86_64.manylinux_2_28_x86_64.whl.metadata (1.7 kB)
Collecting nvidia-cublas-cu12==12.8.4.1.* (from cuda-toolkit[cublas,cudart,cufft,cufile,cupti,curand,cusolver,cusparse,nvjitlink,nvrtc,nvtx]==12.8.1; platform_system == "Linux"->torch==2.11.0+cu128)
  Downloading nvidia_cublas_cu12-12.8.4.1-py3-none-manylinux_2_27_x86_64.whl.metadata (1.7 kB)
Collecting nvidia-cuda-runtime-cu12==12.8.90.* (from cuda-toolkit[cublas,cudart,cufft,cufile,cupti,curand,cusolver,cusparse,nvjitlink,nvrtc,nvtx]==12.8.1; platform_system == "Linux"->torch==2.11.0+cu128)
  Downloading nvidia_cuda_runtime_cu12-12.8.90-py3-none-manylinux2014_x86_64.manylinux_2_17_x86_64.whl.metadata (1.7 kB)
Collecting nvidia-cufft-cu12==11.3.3.83.* (from cuda-toolkit[cublas,cudart,cufft,cufile,cupti,curand,cusolver,cusparse,nvjitlink,nvrtc,nvtx]==12.8.1; platform_system == "Linux"->torch==2.11.0+cu128)
  Downloading nvidia_cufft_cu12-11.3.3.83-py3-none-manylinux2014_x86_64.manylinux_2_17_x86_64.whl.metadata (1.7 kB)
Collecting nvidia-cufile-cu12==1.13.1.3.* (from cuda-toolkit[cublas,cudart,cufft,cufile,cupti,curand,cusolver,cusparse,nvjitlink,nvrtc,nvtx]==12.8.1; platform_system == "Linux"->torch==2.11.0+cu128)
  Downloading nvidia_cufile_cu12-1.13.1.3-py3-none-manylinux2014_x86_64.manylinux_2_17_x86_64.whl.metadata (1.7 kB)
Collecting nvidia-cuda-cupti-cu12==12.8.90.* (from cuda-toolkit[cublas,cudart,cufft,cufile,cupti,curand,cusolver,cusparse,nvjitlink,nvrtc,nvtx]==12.8.1; platform_system == "Linux"->torch==2.11.0+cu128)
  Downloading nvidia_cuda_cupti_cu12-12.8.90-py3-none-manylinux2014_x86_64.manylinux_2_17_x86_64.whl.metadata (1.7 kB)
Collecting nvidia-curand-cu12==10.3.9.90.* (from cuda-toolkit[cublas,cudart,cufft,cufile,cupti,curand,cusolver,cusparse,nvjitlink,nvrtc,nvtx]==12.8.1; platform_system == "Linux"->torch==2.11.0+cu128)
  Downloading nvidia_curand_cu12-10.3.9.90-py3-none-manylinux_2_27_x86_64.whl.metadata (1.7 kB)
Collecting nvidia-cusolver-cu12==11.7.3.90.* (from cuda-toolkit[cublas,cudart,cufft,cufile,cupti,curand,cusolver,cusparse,nvjitlink,nvrtc,nvtx]==12.8.1; platform_system == "Linux"->torch==2.11.0+cu128)
  Downloading nvidia_cusolver_cu12-11.7.3.90-py3-none-manylinux_2_27_x86_64.whl.metadata (1.8 kB)
Collecting nvidia-cusparse-cu12==12.5.8.93.* (from cuda-toolkit[cublas,cudart,cufft,cufile,cupti,curand,cusolver,cusparse,nvjitlink,nvrtc,nvtx]==12.8.1; platform_system == "Linux"->torch==2.11.0+cu128)
  Downloading nvidia_cusparse_cu12-12.5.8.93-py3-none-manylinux2014_x86_64.manylinux_2_17_x86_64.whl.metadata (1.8 kB)
Collecting nvidia-nvjitlink-cu12==12.8.93.* (from cuda-toolkit[cublas,cudart,cufft,cufile,cupti,curand,cusolver,cusparse,nvjitlink,nvrtc,nvtx]==12.8.1; platform_system == "Linux"->torch==2.11.0+cu128)
  Downloading nvidia_nvjitlink_cu12-12.8.93-py3-none-manylinux2010_x86_64.manylinux_2_12_x86_64.whl.metadata (1.7 kB)
Collecting nvidia-cuda-nvrtc-cu12==12.8.93.* (from cuda-toolkit[cublas,cudart,cufft,cufile,cupti,curand,cusolver,cusparse,nvjitlink,nvrtc,nvtx]==12.8.1; platform_system == "Linux"->torch==2.11.0+cu128)
  Downloading nvidia_cuda_nvrtc_cu12-12.8.93-py3-none-manylinux2010_x86_64.manylinux_2_12_x86_64.whl.metadata (1.7 kB)
Collecting nvidia-nvtx-cu12==12.8.90.* (from cuda-toolkit[cublas,cudart,cufft,cufile,cupti,curand,cusolver,cusparse,nvjitlink,nvrtc,nvtx]==12.8.1; platform_system == "Linux"->torch==2.11.0+cu128)
  Downloading nvidia_nvtx_cu12-12.8.90-py3-none-manylinux2014_x86_64.manylinux_2_17_x86_64.whl.metadata (1.8 kB)
Collecting cuda-pathfinder~=1.1 (from cuda-bindings<13,>=12.9.4->torch==2.11.0+cu128)
  Downloading cuda_pathfinder-1.8.0-py3-none-any.whl.metadata (1.9 kB)
Collecting mpmath<1.4,>=1.1.0 (from sympy>=1.13.3->torch==2.11.0+cu128)
  Downloading mpmath-1.3.0-py3-none-any.whl.metadata (8.6 kB)
Collecting MarkupSafe>=2.0 (from jinja2->torch==2.11.0+cu128)
  Downloading markupsafe-3.0.3-cp312-cp312-manylinux2014_x86_64.manylinux_2_17_x86_64.manylinux_2_28_x86_64.whl.metadata (2.7 kB)
Downloading torch-2.11.0%2Bcu128-cp312-cp312-manylinux_2_28_x86_64.whl (820.3 MB)
   ━━━━━━━━━━━━━━━━━━━━━━━━━━━━━━━━━━━━━━━━ 820.3/820.3 MB 75.1 MB/s  0:00:13
Downloading cuda_toolkit-12.8.1-py2.py3-none-any.whl (2.3 kB)
Downloading nvidia_cudnn_cu12-9.19.0.56-py3-none-manylinux_2_27_x86_64.whl (657.9 MB)
   ━━━━━━━━━━━━━━━━━━━━━━━━━━━━━━━━━━━━━━━━ 657.9/657.9 MB 191.2 MB/s  0:00:08
Downloading nvidia_cusparselt_cu12-0.7.1-py3-none-manylinux2014_x86_64.whl (287.2 MB)
   ━━━━━━━━━━━━━━━━━━━━━━━━━━━━━━━━━━━━━━━━ 287.2/287.2 MB 227.4 MB/s  0:00:01
Downloading nvidia_nccl_cu12-2.28.9-py3-none-manylinux_2_18_x86_64.whl (296.8 MB)
   ━━━━━━━━━━━━━━━━━━━━━━━━━━━━━━━━━━━━━━━━ 296.8/296.8 MB 234.0 MB/s  0:00:01
Downloading nvidia_nvshmem_cu12-3.4.5-py3-none-manylinux2014_x86_64.manylinux_2_17_x86_64.whl (139.1 MB)
   ━━━━━━━━━━━━━━━━━━━━━━━━━━━━━━━━━━━━━━━━ 139.1/139.1 MB 235.2 MB/s  0:00:00
Downloading triton-3.6.0-cp312-cp312-manylinux_2_27_x86_64.manylinux_2_28_x86_64.whl (188.3 MB)
   ━━━━━━━━━━━━━━━━━━━━━━━━━━━━━━━━━━━━━━━━ 188.3/188.3 MB 232.1 MB/s  0:00:00
Downloading cuda_bindings-12.9.7-cp312-cp312-manylinux_2_24_x86_64.manylinux_2_28_x86_64.whl (7.6 MB)
   ━━━━━━━━━━━━━━━━━━━━━━━━━━━━━━━━━━━━━━━━ 7.6/7.6 MB 236.7 MB/s  0:00:00
Downloading cuda_pathfinder-1.8.0-py3-none-any.whl (62 kB)
Downloading nvidia_cublas_cu12-12.8.4.1-py3-none-manylinux_2_27_x86_64.whl (594.3 MB)
   ━━━━━━━━━━━━━━━━━━━━━━━━━━━━━━━━━━━━━━━━ 594.3/594.3 MB 235.5 MB/s  0:00:02
Downloading nvidia_cuda_cupti_cu12-12.8.90-py3-none-manylinux2014_x86_64.manylinux_2_17_x86_64.whl (10.2 MB)
   ━━━━━━━━━━━━━━━━━━━━━━━━━━━━━━━━━━━━━━━━ 10.2/10.2 MB 221.9 MB/s  0:00:00
Downloading nvidia_cuda_nvrtc_cu12-12.8.93-py3-none-manylinux2010_x86_64.manylinux_2_12_x86_64.whl (88.0 MB)
   ━━━━━━━━━━━━━━━━━━━━━━━━━━━━━━━━━━━━━━━━ 88.0/88.0 MB 233.0 MB/s  0:00:00
Downloading nvidia_cuda_runtime_cu12-12.8.90-py3-none-manylinux2014_x86_64.manylinux_2_17_x86_64.whl (954 kB)
   ━━━━━━━━━━━━━━━━━━━━━━━━━━━━━━━━━━━━━━━━ 954.8/954.8 kB 388.9 MB/s  0:00:00
Downloading nvidia_cufft_cu12-11.3.3.83-py3-none-manylinux2014_x86_64.manylinux_2_17_x86_64.whl (193.1 MB)
   ━━━━━━━━━━━━━━━━━━━━━━━━━━━━━━━━━━━━━━━━ 193.1/193.1 MB 236.0 MB/s  0:00:00
Downloading nvidia_cufile_cu12-1.13.1.3-py3-none-manylinux2014_x86_64.manylinux_2_17_x86_64.whl (1.2 MB)
   ━━━━━━━━━━━━━━━━━━━━━━━━━━━━━━━━━━━━━━━━ 1.2/1.2 MB 366.4 MB/s  0:00:00
Downloading nvidia_curand_cu12-10.3.9.90-py3-none-manylinux_2_27_x86_64.whl (63.6 MB)
   ━━━━━━━━━━━━━━━━━━━━━━━━━━━━━━━━━━━━━━━━ 63.6/63.6 MB 229.5 MB/s  0:00:00
Downloading nvidia_cusolver_cu12-11.7.3.90-py3-none-manylinux_2_27_x86_64.whl (267.5 MB)
   ━━━━━━━━━━━━━━━━━━━━━━━━━━━━━━━━━━━━━━━━ 267.5/267.5 MB 232.4 MB/s  0:00:01
Downloading nvidia_cusparse_cu12-12.5.8.93-py3-none-manylinux2014_x86_64.manylinux_2_17_x86_64.whl (288.2 MB)
   ━━━━━━━━━━━━━━━━━━━━━━━━━━━━━━━━━━━━━━━━ 288.2/288.2 MB 230.5 MB/s  0:00:01
Downloading nvidia_nvjitlink_cu12-12.8.93-py3-none-manylinux2010_x86_64.manylinux_2_12_x86_64.whl (39.3 MB)
   ━━━━━━━━━━━━━━━━━━━━━━━━━━━━━━━━━━━━━━━━ 39.3/39.3 MB 239.1 MB/s  0:00:00
Downloading nvidia_nvtx_cu12-12.8.90-py3-none-manylinux2014_x86_64.manylinux_2_17_x86_64.whl (89 kB)
Downloading setuptools-81.0.0-py3-none-any.whl (1.1 MB)
   ━━━━━━━━━━━━━━━━━━━━━━━━━━━━━━━━━━━━━━━━ 1.1/1.1 MB 343.0 MB/s  0:00:00
Downloading fsspec-2026.7.0-py3-none-any.whl (206 kB)
Downloading networkx-3.6.1-py3-none-any.whl (2.1 MB)
   ━━━━━━━━━━━━━━━━━━━━━━━━━━━━━━━━━━━━━━━━ 2.1/2.1 MB 282.4 MB/s  0:00:00
Downloading sympy-1.14.0-py3-none-any.whl (6.3 MB)
   ━━━━━━━━━━━━━━━━━━━━━━━━━━━━━━━━━━━━━━━━ 6.3/6.3 MB 244.9 MB/s  0:00:00
Downloading mpmath-1.3.0-py3-none-any.whl (536 kB)
   ━━━━━━━━━━━━━━━━━━━━━━━━━━━━━━━━━━━━━━━━ 536.2/536.2 kB 573.1 MB/s  0:00:00
Downloading typing_extensions-4.16.0-py3-none-any.whl (45 kB)
Downloading filelock-3.32.4-py3-none-any.whl (99 kB)
Downloading jinja2-3.1.6-py3-none-any.whl (134 kB)
Downloading markupsafe-3.0.3-cp312-cp312-manylinux2014_x86_64.manylinux_2_17_x86_64.manylinux_2_28_x86_64.whl (22 kB)
Installing collected packages: nvidia-cusparselt-cu12, mpmath, cuda-toolkit, typing-extensions, triton, sympy, setuptools, nvidia-nvtx-cu12, nvidia-nvshmem-cu12, nvidia-nvjitlink-cu12, nvidia-nccl-cu12, nvidia-curand-cu12, nvidia-cufile-cu12, nvidia-cuda-runtime-cu12, nvidia-cuda-nvrtc-cu12, nvidia-cuda-cupti-cu12, nvidia-cublas-cu12, networkx, MarkupSafe, fsspec, filelock, cuda-pathfinder, nvidia-cusparse-cu12, nvidia-cufft-cu12, nvidia-cudnn-cu12, jinja2, cuda-bindings, nvidia-cusolver-cu12, torch

Successfully installed MarkupSafe-3.0.3 cuda-bindings-12.9.7 cuda-pathfinder-1.8.0 cuda-toolkit-12.8.1 filelock-3.32.4 fsspec-2026.7.0 jinja2-3.1.6 mpmath-1.3.0 networkx-3.6.1 nvidia-cublas-cu12-12.8.4.1 nvidia-cuda-cupti-cu12-12.8.90 nvidia-cuda-nvrtc-cu12-12.8.93 nvidia-cuda-runtime-cu12-12.8.90 nvidia-cudnn-cu12-9.19.0.56 nvidia-cufft-cu12-11.3.3.83 nvidia-cufile-cu12-1.13.1.3 nvidia-curand-cu12-10.3.9.90 nvidia-cusolver-cu12-11.7.3.90 nvidia-cusparse-cu12-12.5.8.93 nvidia-cusparselt-cu12-0.7.1 nvidia-nccl-cu12-2.28.9 nvidia-nvjitlink-cu12-12.8.93 nvidia-nvshmem-cu12-3.4.5 nvidia-nvtx-cu12-12.8.90 setuptools-81.0.0 sympy-1.14.0 torch-2.11.0+cu128 triton-3.6.0 typing-extensions-4.16.0

=== Environment ===
xgpi19
NVIDIA H100 NVL, 95830 MiB, 580.173.02
/tmp/sionm/techjam3-sweep-770672/.venv/lib/python3.12/site-packages/torch/_subclasses/functional_tensor.py:307: UserWarning: Failed to initialize NumPy: No module named 'numpy' (Triggered internally at /pytorch/torch/csrc/utils/tensor_numpy.cpp:84.)
  cpu = _conversion_method_template(device=torch.device("cpu"))
torch: 2.11.0+cu128
compiled CUDA: 12.8
CUDA available: True
GPU: NVIDIA H100 NVL MIG 3g.47gb

########################################################################
SHAPE 1: eager baseline versus eager SDPA
########################################################################
/tmp/sionm/techjam3-sweep-770672/.venv/lib/python3.12/site-packages/torch/_subclasses/functional_tensor.py:307: UserWarning: Failed to initialize NumPy: No module named 'numpy' (Triggered internally at /pytorch/torch/csrc/utils/tensor_numpy.cpp:84.)
  cpu = _conversion_method_template(device=torch.device("cpu"))
=== Configuration ===
TransformerConfig(batch_size=64, seq_len=128, d_model=128, num_heads=4, ffn_dim=128, num_layers=4, causal=True)
device=cuda, dtype=torch.float32, torch=2.11.0+cu128
gpu=NVIDIA H100 NVL MIG 3g.47gb

=== Accuracy check ===
criterion: abs_error <= 0.002 OR relative_error <= 2.00%
trial 01/2: PASS | max_abs=0.00106478 | max_rel=2845.05 | failed=0/1048576
trial 02/2: PASS | max_abs=0.000907898 | max_rel=52.7916 | failed=0/1048576
summary: PASS | max_abs=0.00106478 | max_rel=2845.05 | failed=0/2097152

=== Performance benchmark ===
timing excludes random-data generation and uses a fixed input
CUDA latency is measured with torch.cuda.Event on the current stream
baseline : median=1.5333 ms | mean=1.5412 ms | p90=1.5681 ms | min=1.5228 ms | throughput=5342794.48 token/s
optimized: median=0.9859 ms | mean=0.9906 ms | p90=1.0168 ms | min=0.9800 ms | throughput=8309260.24 token/s
speedup  : 1.555x based on median latency

########################################################################
SHAPE 1: eager baseline versus compiled SDPA
########################################################################
/tmp/sionm/techjam3-sweep-770672/.venv/lib/python3.12/site-packages/torch/_subclasses/functional_tensor.py:307: UserWarning: Failed to initialize NumPy: No module named 'numpy' (Triggered internally at /pytorch/torch/csrc/utils/tensor_numpy.cpp:84.)
  cpu = _conversion_method_template(device=torch.device("cpu"))
W0829 17:56:22.856000 141072 torch/_inductor/utils.py:1731] [0/0] Not enough SMs to use max_autotune_gemm mode
=== Configuration ===
TransformerConfig(batch_size=64, seq_len=128, d_model=128, num_heads=4, ffn_dim=128, num_layers=4, causal=True)
device=cuda, dtype=torch.float32, torch=2.11.0+cu128
gpu=NVIDIA H100 NVL MIG 3g.47gb

=== Accuracy check ===
criterion: abs_error <= 0.002 OR relative_error <= 2.00%
trial 01/2: PASS | max_abs=0.0010649 | max_rel=2846.05 | failed=0/1048576
trial 02/2: PASS | max_abs=0.000907898 | max_rel=54.4389 | failed=0/1048576
summary: PASS | max_abs=0.0010649 | max_rel=2846.05 | failed=0/2097152

=== Performance benchmark ===
timing excludes random-data generation and uses a fixed input
CUDA latency is measured with torch.cuda.Event on the current stream
baseline : median=1.5419 ms | mean=1.5728 ms | p90=1.5452 ms | min=1.5359 ms | throughput=5312966.96 token/s
optimized: median=0.6325 ms | mean=0.6396 ms | p90=0.6348 ms | min=0.6288 ms | throughput=12951205.18 token/s
speedup  : 2.438x based on median latency

########################################################################
SHAPE 2: eager baseline versus eager SDPA
########################################################################
/tmp/sionm/techjam3-sweep-770672/.venv/lib/python3.12/site-packages/torch/_subclasses/functional_tensor.py:307: UserWarning: Failed to initialize NumPy: No module named 'numpy' (Triggered internally at /pytorch/torch/csrc/utils/tensor_numpy.cpp:84.)
  cpu = _conversion_method_template(device=torch.device("cpu"))
=== Configuration ===
TransformerConfig(batch_size=1, seq_len=128, d_model=128, num_heads=4, ffn_dim=128, num_layers=4, causal=True)
device=cuda, dtype=torch.float32, torch=2.11.0+cu128
gpu=NVIDIA H100 NVL MIG 3g.47gb

=== Accuracy check ===
criterion: abs_error <= 0.002 OR relative_error <= 2.00%
trial 01/2: PASS | max_abs=0.000655174 | max_rel=0.91047 | failed=0/16384
trial 02/2: PASS | max_abs=0.000645936 | max_rel=5.05156 | failed=0/16384
summary: PASS | max_abs=0.000655174 | max_rel=5.05156 | failed=0/32768

=== Performance benchmark ===
timing excludes random-data generation and uses a fixed input
CUDA latency is measured with torch.cuda.Event on the current stream
baseline : median=1.3481 ms | mean=1.3529 ms | p90=1.3716 ms | min=1.3285 ms | throughput=94946.48 token/s
optimized: median=0.7077 ms | mean=0.7090 ms | p90=0.7168 ms | min=0.6908 ms | throughput=180860.44 token/s
speedup  : 1.905x based on median latency

########################################################################
SHAPE 2: eager baseline versus compiled SDPA
########################################################################
/tmp/sionm/techjam3-sweep-770672/.venv/lib/python3.12/site-packages/torch/_subclasses/functional_tensor.py:307: UserWarning: Failed to initialize NumPy: No module named 'numpy' (Triggered internally at /pytorch/torch/csrc/utils/tensor_numpy.cpp:84.)
  cpu = _conversion_method_template(device=torch.device("cpu"))
W0829 17:56:33.195000 141161 torch/_inductor/utils.py:1731] [0/0] Not enough SMs to use max_autotune_gemm mode
=== Configuration ===
TransformerConfig(batch_size=1, seq_len=128, d_model=128, num_heads=4, ffn_dim=128, num_layers=4, causal=True)
device=cuda, dtype=torch.float32, torch=2.11.0+cu128
gpu=NVIDIA H100 NVL MIG 3g.47gb

=== Accuracy check ===
criterion: abs_error <= 0.002 OR relative_error <= 2.00%
trial 01/2: PASS | max_abs=0.000655144 | max_rel=1.20973 | failed=0/16384
trial 02/2: PASS | max_abs=0.000650406 | max_rel=5.47942 | failed=0/16384
summary: PASS | max_abs=0.000655144 | max_rel=5.47942 | failed=0/32768

=== Performance benchmark ===
timing excludes random-data generation and uses a fixed input
CUDA latency is measured with torch.cuda.Event on the current stream
baseline : median=1.3528 ms | mean=1.3754 ms | p90=1.3772 ms | min=1.3287 ms | throughput=94617.45 token/s
optimized: median=0.1905 ms | mean=0.1965 ms | p90=0.1916 ms | min=0.1879 ms | throughput=671817.27 token/s
speedup  : 7.100x based on median latency

########################################################################
SHAPE 3: eager baseline versus eager SDPA
########################################################################
/tmp/sionm/techjam3-sweep-770672/.venv/lib/python3.12/site-packages/torch/_subclasses/functional_tensor.py:307: UserWarning: Failed to initialize NumPy: No module named 'numpy' (Triggered internally at /pytorch/torch/csrc/utils/tensor_numpy.cpp:84.)
  cpu = _conversion_method_template(device=torch.device("cpu"))
=== Configuration ===
TransformerConfig(batch_size=4, seq_len=128, d_model=128, num_heads=4, ffn_dim=128, num_layers=4, causal=True)
device=cuda, dtype=torch.float32, torch=2.11.0+cu128
gpu=NVIDIA H100 NVL MIG 3g.47gb

=== Accuracy check ===
criterion: abs_error <= 0.002 OR relative_error <= 2.00%
trial 01/2: PASS | max_abs=0.000701696 | max_rel=5.63578 | failed=0/65536
trial 02/2: PASS | max_abs=0.000907898 | max_rel=5.05156 | failed=0/65536
summary: PASS | max_abs=0.000907898 | max_rel=5.63578 | failed=0/131072

=== Performance benchmark ===
timing excludes random-data generation and uses a fixed input
CUDA latency is measured with torch.cuda.Event on the current stream
baseline : median=1.3459 ms | mean=1.3510 ms | p90=1.3636 ms | min=1.3260 ms | throughput=380418.00 token/s
optimized: median=0.7140 ms | mean=0.7166 ms | p90=0.7207 ms | min=0.7055 ms | throughput=717086.85 token/s
speedup  : 1.885x based on median latency

########################################################################
SHAPE 3: eager baseline versus compiled SDPA
########################################################################
/tmp/sionm/techjam3-sweep-770672/.venv/lib/python3.12/site-packages/torch/_subclasses/functional_tensor.py:307: UserWarning: Failed to initialize NumPy: No module named 'numpy' (Triggered internally at /pytorch/torch/csrc/utils/tensor_numpy.cpp:84.)
  cpu = _conversion_method_template(device=torch.device("cpu"))
W0829 17:56:43.535000 141251 torch/_inductor/utils.py:1731] [0/0] Not enough SMs to use max_autotune_gemm mode
=== Configuration ===
TransformerConfig(batch_size=4, seq_len=128, d_model=128, num_heads=4, ffn_dim=128, num_layers=4, causal=True)
device=cuda, dtype=torch.float32, torch=2.11.0+cu128
gpu=NVIDIA H100 NVL MIG 3g.47gb

=== Accuracy check ===
criterion: abs_error <= 0.002 OR relative_error <= 2.00%
trial 01/2: PASS | max_abs=0.000701696 | max_rel=1.67269 | failed=0/65536
trial 02/2: PASS | max_abs=0.000907898 | max_rel=5.89621 | failed=0/65536
summary: PASS | max_abs=0.000907898 | max_rel=5.89621 | failed=0/131072

=== Performance benchmark ===
timing excludes random-data generation and uses a fixed input
CUDA latency is measured with torch.cuda.Event on the current stream
baseline : median=1.3483 ms | mean=1.3824 ms | p90=1.3837 ms | min=1.3289 ms | throughput=379745.34 token/s
optimized: median=0.1962 ms | mean=0.2031 ms | p90=0.1994 ms | min=0.1958 ms | throughput=2609688.52 token/s
speedup  : 6.872x based on median latency

########################################################################
SHAPE 4: eager baseline versus eager SDPA
########################################################################
/tmp/sionm/techjam3-sweep-770672/.venv/lib/python3.12/site-packages/torch/_subclasses/functional_tensor.py:307: UserWarning: Failed to initialize NumPy: No module named 'numpy' (Triggered internally at /pytorch/torch/csrc/utils/tensor_numpy.cpp:84.)
  cpu = _conversion_method_template(device=torch.device("cpu"))
=== Configuration ===
TransformerConfig(batch_size=16, seq_len=128, d_model=128, num_heads=4, ffn_dim=128, num_layers=4, causal=True)
device=cuda, dtype=torch.float32, torch=2.11.0+cu128
gpu=NVIDIA H100 NVL MIG 3g.47gb

=== Accuracy check ===
criterion: abs_error <= 0.002 OR relative_error <= 2.00%
trial 01/2: PASS | max_abs=0.000870019 | max_rel=2845.05 | failed=0/262144
trial 02/2: PASS | max_abs=0.000907898 | max_rel=14.6653 | failed=0/262144
summary: PASS | max_abs=0.000907898 | max_rel=2845.05 | failed=0/524288

=== Performance benchmark ===
timing excludes random-data generation and uses a fixed input
CUDA latency is measured with torch.cuda.Event on the current stream
baseline : median=1.3497 ms | mean=1.3553 ms | p90=1.3708 ms | min=1.3337 ms | throughput=1517378.68 token/s
optimized: median=0.7099 ms | mean=0.7117 ms | p90=0.7182 ms | min=0.6964 ms | throughput=2884897.05 token/s
speedup  : 1.901x based on median latency

########################################################################
SHAPE 4: eager baseline versus compiled SDPA
########################################################################
/tmp/sionm/techjam3-sweep-770672/.venv/lib/python3.12/site-packages/torch/_subclasses/functional_tensor.py:307: UserWarning: Failed to initialize NumPy: No module named 'numpy' (Triggered internally at /pytorch/torch/csrc/utils/tensor_numpy.cpp:84.)
  cpu = _conversion_method_template(device=torch.device("cpu"))
W0829 17:56:53.942000 141343 torch/_inductor/utils.py:1731] [0/0] Not enough SMs to use max_autotune_gemm mode
=== Configuration ===
TransformerConfig(batch_size=16, seq_len=128, d_model=128, num_heads=4, ffn_dim=128, num_layers=4, causal=True)
device=cuda, dtype=torch.float32, torch=2.11.0+cu128
gpu=NVIDIA H100 NVL MIG 3g.47gb

=== Accuracy check ===
criterion: abs_error <= 0.002 OR relative_error <= 2.00%
trial 01/2: PASS | max_abs=0.000870019 | max_rel=2846.05 | failed=0/262144
trial 02/2: PASS | max_abs=0.000907898 | max_rel=11.6013 | failed=0/262144
summary: PASS | max_abs=0.000907898 | max_rel=2846.05 | failed=0/524288

=== Performance benchmark ===
timing excludes random-data generation and uses a fixed input
CUDA latency is measured with torch.cuda.Event on the current stream
baseline : median=1.3863 ms | mean=1.4268 ms | p90=1.4224 ms | min=1.3599 ms | throughput=1477275.32 token/s
optimized: median=0.2988 ms | mean=0.3060 ms | p90=0.3015 ms | min=0.2953 ms | throughput=6853716.10 token/s
speedup  : 4.639x based on median latency

########################################################################
SHAPE 5: eager baseline versus eager SDPA
########################################################################
/tmp/sionm/techjam3-sweep-770672/.venv/lib/python3.12/site-packages/torch/_subclasses/functional_tensor.py:307: UserWarning: Failed to initialize NumPy: No module named 'numpy' (Triggered internally at /pytorch/torch/csrc/utils/tensor_numpy.cpp:84.)
  cpu = _conversion_method_template(device=torch.device("cpu"))
=== Configuration ===
TransformerConfig(batch_size=128, seq_len=128, d_model=128, num_heads=4, ffn_dim=128, num_layers=4, causal=True)
device=cuda, dtype=torch.float32, torch=2.11.0+cu128
gpu=NVIDIA H100 NVL MIG 3g.47gb

=== Accuracy check ===
criterion: abs_error <= 0.002 OR relative_error <= 2.00%
trial 01/2: PASS | max_abs=0.00106478 | max_rel=2845.05 | failed=0/2097152
trial 02/2: PASS | max_abs=0.000907898 | max_rel=139.153 | failed=0/2097152
summary: PASS | max_abs=0.00106478 | max_rel=2845.05 | failed=0/4194304

=== Performance benchmark ===
timing excludes random-data generation and uses a fixed input
CUDA latency is measured with torch.cuda.Event on the current stream
baseline : median=3.0090 ms | mean=3.0204 ms | p90=3.0563 ms | min=2.9985 ms | throughput=5444954.87 token/s
optimized: median=1.7118 ms | mean=1.7217 ms | p90=1.7604 ms | min=1.7059 ms | throughput=9571166.72 token/s
speedup  : 1.758x based on median latency

########################################################################
SHAPE 5: eager baseline versus compiled SDPA
########################################################################
/tmp/sionm/techjam3-sweep-770672/.venv/lib/python3.12/site-packages/torch/_subclasses/functional_tensor.py:307: UserWarning: Failed to initialize NumPy: No module named 'numpy' (Triggered internally at /pytorch/torch/csrc/utils/tensor_numpy.cpp:84.)
  cpu = _conversion_method_template(device=torch.device("cpu"))
W0829 17:57:04.629000 141432 torch/_inductor/utils.py:1731] [0/0] Not enough SMs to use max_autotune_gemm mode
=== Configuration ===
TransformerConfig(batch_size=128, seq_len=128, d_model=128, num_heads=4, ffn_dim=128, num_layers=4, causal=True)
device=cuda, dtype=torch.float32, torch=2.11.0+cu128
gpu=NVIDIA H100 NVL MIG 3g.47gb

=== Accuracy check ===
criterion: abs_error <= 0.002 OR relative_error <= 2.00%
trial 01/2: PASS | max_abs=0.0010649 | max_rel=2846.05 | failed=0/2097152
trial 02/2: PASS | max_abs=0.000907898 | max_rel=56.4946 | failed=0/2097152
summary: PASS | max_abs=0.0010649 | max_rel=2846.05 | failed=0/4194304

=== Performance benchmark ===
timing excludes random-data generation and uses a fixed input
CUDA latency is measured with torch.cuda.Event on the current stream
baseline : median=3.0753 ms | mean=3.0861 ms | p90=3.1463 ms | min=3.0110 ms | throughput=5327645.05 token/s
optimized: median=1.1319 ms | mean=1.1450 ms | p90=1.1518 ms | min=1.1205 ms | throughput=14474521.42 token/s
speedup  : 2.717x based on median latency

########################################################################
SHAPE 6: eager baseline versus eager SDPA
########################################################################
/tmp/sionm/techjam3-sweep-770672/.venv/lib/python3.12/site-packages/torch/_subclasses/functional_tensor.py:307: UserWarning: Failed to initialize NumPy: No module named 'numpy' (Triggered internally at /pytorch/torch/csrc/utils/tensor_numpy.cpp:84.)
  cpu = _conversion_method_template(device=torch.device("cpu"))
=== Configuration ===
TransformerConfig(batch_size=10000, seq_len=128, d_model=128, num_heads=4, ffn_dim=128, num_layers=4, causal=True)
device=cuda, dtype=torch.float32, torch=2.11.0+cu128
gpu=NVIDIA H100 NVL MIG 3g.47gb

=== Accuracy check ===
criterion: abs_error <= 0.002 OR relative_error <= 2.00%
trial 01/2: PASS | max_abs=0.00123928 | max_rel=38106.1 | failed=0/163840000
trial 02/2: PASS | max_abs=0.00152421 | max_rel=2479.75 | failed=0/163840000
summary: PASS | max_abs=0.00152421 | max_rel=38106.1 | failed=0/327680000

=== Performance benchmark ===
timing excludes random-data generation and uses a fixed input
CUDA latency is measured with torch.cuda.Event on the current stream
baseline : median=226.0072 ms | mean=229.0304 ms | p90=248.3254 ms | min=213.2437 ms | throughput=5663537.48 token/s
optimized: median=121.8884 ms | mean=125.3550 ms | p90=133.8357 ms | min=120.2759 ms | throughput=10501406.77 token/s
speedup  : 1.854x based on median latency

########################################################################
SHAPE 6: eager baseline versus compiled SDPA
########################################################################
/tmp/sionm/techjam3-sweep-770672/.venv/lib/python3.12/site-packages/torch/_subclasses/functional_tensor.py:307: UserWarning: Failed to initialize NumPy: No module named 'numpy' (Triggered internally at /pytorch/torch/csrc/utils/tensor_numpy.cpp:84.)
  cpu = _conversion_method_template(device=torch.device("cpu"))
W0829 17:57:31.618000 141522 torch/_inductor/utils.py:1731] [0/0] Not enough SMs to use max_autotune_gemm mode
=== Configuration ===
TransformerConfig(batch_size=10000, seq_len=128, d_model=128, num_heads=4, ffn_dim=128, num_layers=4, causal=True)
device=cuda, dtype=torch.float32, torch=2.11.0+cu128
gpu=NVIDIA H100 NVL MIG 3g.47gb

=== Accuracy check ===
criterion: abs_error <= 0.002 OR relative_error <= 2.00%
trial 01/2: PASS | max_abs=0.00121224 | max_rel=12432.7 | failed=0/163840000
trial 02/2: PASS | max_abs=0.00152427 | max_rel=2659.93 | failed=0/163840000
summary: PASS | max_abs=0.00152427 | max_rel=12432.7 | failed=0/327680000

=== Performance benchmark ===
timing excludes random-data generation and uses a fixed input
CUDA latency is measured with torch.cuda.Event on the current stream
baseline : median=216.2647 ms | mean=220.9067 ms | p90=241.3266 ms | min=212.9410 ms | throughput=5918673.60 token/s
optimized: median=83.0100 ms | mean=83.4248 ms | p90=90.3228 ms | min=73.9504 ms | throughput=15419837.75 token/s
speedup  : 2.605x based on median latency

########################################################################
SHAPE 7: eager baseline versus eager SDPA
########################################################################
/tmp/sionm/techjam3-sweep-770672/.venv/lib/python3.12/site-packages/torch/_subclasses/functional_tensor.py:307: UserWarning: Failed to initialize NumPy: No module named 'numpy' (Triggered internally at /pytorch/torch/csrc/utils/tensor_numpy.cpp:84.)
  cpu = _conversion_method_template(device=torch.device("cpu"))
=== Configuration ===
TransformerConfig(batch_size=64, seq_len=128, d_model=32, num_heads=4, ffn_dim=32, num_layers=4, causal=True)
device=cuda, dtype=torch.float32, torch=2.11.0+cu128
gpu=NVIDIA H100 NVL MIG 3g.47gb

=== Accuracy check ===
criterion: abs_error <= 0.002 OR relative_error <= 2.00%
trial 01/2: PASS | max_abs=0.0011158 | max_rel=74.5504 | failed=0/262144
trial 02/2: PASS | max_abs=0.000864029 | max_rel=23.7184 | failed=0/262144
summary: PASS | max_abs=0.0011158 | max_rel=74.5504 | failed=0/524288

=== Performance benchmark ===
timing excludes random-data generation and uses a fixed input
CUDA latency is measured with torch.cuda.Event on the current stream
baseline : median=1.3637 ms | mean=1.3702 ms | p90=1.3906 ms | min=1.3386 ms | throughput=6007274.41 token/s
optimized: median=0.7405 ms | mean=0.7441 ms | p90=0.7476 ms | min=0.7344 ms | throughput=11062855.02 token/s
speedup  : 1.842x based on median latency

########################################################################
SHAPE 7: eager baseline versus compiled SDPA
########################################################################
/tmp/sionm/techjam3-sweep-770672/.venv/lib/python3.12/site-packages/torch/_subclasses/functional_tensor.py:307: UserWarning: Failed to initialize NumPy: No module named 'numpy' (Triggered internally at /pytorch/torch/csrc/utils/tensor_numpy.cpp:84.)
  cpu = _conversion_method_template(device=torch.device("cpu"))
W0829 17:57:56.258000 141607 torch/_inductor/utils.py:1731] [0/0] Not enough SMs to use max_autotune_gemm mode
=== Configuration ===
TransformerConfig(batch_size=64, seq_len=128, d_model=32, num_heads=4, ffn_dim=32, num_layers=4, causal=True)
device=cuda, dtype=torch.float32, torch=2.11.0+cu128
gpu=NVIDIA H100 NVL MIG 3g.47gb

=== Accuracy check ===
criterion: abs_error <= 0.002 OR relative_error <= 2.00%
trial 01/2: PASS | max_abs=0.0011158 | max_rel=74.553 | failed=0/262144
trial 02/2: PASS | max_abs=0.000864029 | max_rel=26.0543 | failed=0/262144
summary: PASS | max_abs=0.0011158 | max_rel=74.553 | failed=0/524288

=== Performance benchmark ===
timing excludes random-data generation and uses a fixed input
CUDA latency is measured with torch.cuda.Event on the current stream
baseline : median=1.3960 ms | mean=1.5012 ms | p90=1.4791 ms | min=1.3623 ms | throughput=5868262.13 token/s
optimized: median=0.4284 ms | mean=0.4429 ms | p90=0.4315 ms | min=0.4240 ms | throughput=19121601.49 token/s
speedup  : 3.258x based on median latency

########################################################################
SHAPE 8: eager baseline versus eager SDPA
########################################################################
/tmp/sionm/techjam3-sweep-770672/.venv/lib/python3.12/site-packages/torch/_subclasses/functional_tensor.py:307: UserWarning: Failed to initialize NumPy: No module named 'numpy' (Triggered internally at /pytorch/torch/csrc/utils/tensor_numpy.cpp:84.)
  cpu = _conversion_method_template(device=torch.device("cpu"))
=== Configuration ===
TransformerConfig(batch_size=64, seq_len=128, d_model=1024, num_heads=4, ffn_dim=1024, num_layers=4, causal=True)
device=cuda, dtype=torch.float32, torch=2.11.0+cu128
gpu=NVIDIA H100 NVL MIG 3g.47gb

=== Accuracy check ===
criterion: abs_error <= 0.002 OR relative_error <= 2.00%
trial 01/2: PASS | max_abs=0.00101931 | max_rel=5232.83 | failed=0/8388608
trial 02/2: PASS | max_abs=0.00104823 | max_rel=613.081 | failed=0/8388608
summary: PASS | max_abs=0.00104823 | max_rel=5232.83 | failed=0/16777216

=== Performance benchmark ===
timing excludes random-data generation and uses a fixed input
CUDA latency is measured with torch.cuda.Event on the current stream
baseline : median=7.7098 ms | mean=7.6620 ms | p90=7.8577 ms | min=7.0592 ms | throughput=1062538.25 token/s
optimized: median=6.1480 ms | mean=6.1548 ms | p90=6.2178 ms | min=6.0451 ms | throughput=1332469.30 token/s
speedup  : 1.254x based on median latency

########################################################################
SHAPE 8: eager baseline versus compiled SDPA
########################################################################
/tmp/sionm/techjam3-sweep-770672/.venv/lib/python3.12/site-packages/torch/_subclasses/functional_tensor.py:307: UserWarning: Failed to initialize NumPy: No module named 'numpy' (Triggered internally at /pytorch/torch/csrc/utils/tensor_numpy.cpp:84.)
  cpu = _conversion_method_template(device=torch.device("cpu"))
W0829 17:58:07.966000 141694 torch/_inductor/utils.py:1731] [0/0] Not enough SMs to use max_autotune_gemm mode
=== Configuration ===
TransformerConfig(batch_size=64, seq_len=128, d_model=1024, num_heads=4, ffn_dim=1024, num_layers=4, causal=True)
device=cuda, dtype=torch.float32, torch=2.11.0+cu128
gpu=NVIDIA H100 NVL MIG 3g.47gb

=== Accuracy check ===
criterion: abs_error <= 0.002 OR relative_error <= 2.00%
trial 01/2: PASS | max_abs=0.00102571 | max_rel=5914.35 | failed=0/8388608
trial 02/2: PASS | max_abs=0.00104822 | max_rel=674.415 | failed=0/8388608
summary: PASS | max_abs=0.00104822 | max_rel=5914.35 | failed=0/16777216

=== Performance benchmark ===
timing excludes random-data generation and uses a fixed input
CUDA latency is measured with torch.cuda.Event on the current stream
baseline : median=7.5346 ms | mean=7.5377 ms | p90=7.8097 ms | min=6.8291 ms | throughput=1087254.25 token/s
optimized: median=5.1914 ms | mean=5.2056 ms | p90=5.4357 ms | min=4.7952 ms | throughput=1577996.82 token/s
speedup  : 1.451x based on median latency

########################################################################
SHAPE 9: eager baseline versus eager SDPA
########################################################################
/tmp/sionm/techjam3-sweep-770672/.venv/lib/python3.12/site-packages/torch/_subclasses/functional_tensor.py:307: UserWarning: Failed to initialize NumPy: No module named 'numpy' (Triggered internally at /pytorch/torch/csrc/utils/tensor_numpy.cpp:84.)
  cpu = _conversion_method_template(device=torch.device("cpu"))
=== Configuration ===
TransformerConfig(batch_size=64, seq_len=128, d_model=128, num_heads=1, ffn_dim=128, num_layers=4, causal=True)
device=cuda, dtype=torch.float32, torch=2.11.0+cu128
gpu=NVIDIA H100 NVL MIG 3g.47gb

=== Accuracy check ===
criterion: abs_error <= 0.002 OR relative_error <= 2.00%
trial 01/2: PASS | max_abs=0.000881374 | max_rel=54.0349 | failed=0/1048576
trial 02/2: PASS | max_abs=0.000881542 | max_rel=102.841 | failed=0/1048576
summary: PASS | max_abs=0.000881542 | max_rel=102.841 | failed=0/2097152

=== Performance benchmark ===
timing excludes random-data generation and uses a fixed input
CUDA latency is measured with torch.cuda.Event on the current stream
baseline : median=1.2408 ms | mean=1.2470 ms | p90=1.2645 ms | min=1.2183 ms | throughput=6601936.71 token/s
optimized: median=0.8632 ms | mean=0.8648 ms | p90=0.8660 ms | min=0.8611 ms | throughput=9490268.67 token/s
speedup  : 1.437x based on median latency

########################################################################
SHAPE 9: eager baseline versus compiled SDPA
########################################################################
/tmp/sionm/techjam3-sweep-770672/.venv/lib/python3.12/site-packages/torch/_subclasses/functional_tensor.py:307: UserWarning: Failed to initialize NumPy: No module named 'numpy' (Triggered internally at /pytorch/torch/csrc/utils/tensor_numpy.cpp:84.)
  cpu = _conversion_method_template(device=torch.device("cpu"))
W0829 17:58:18.072000 141773 torch/_inductor/utils.py:1731] [0/0] Not enough SMs to use max_autotune_gemm mode
=== Configuration ===
TransformerConfig(batch_size=64, seq_len=128, d_model=128, num_heads=1, ffn_dim=128, num_layers=4, causal=True)
device=cuda, dtype=torch.float32, torch=2.11.0+cu128
gpu=NVIDIA H100 NVL MIG 3g.47gb

=== Accuracy check ===
criterion: abs_error <= 0.002 OR relative_error <= 2.00%
trial 01/2: PASS | max_abs=0.000881314 | max_rel=54.0347 | failed=0/1048576
trial 02/2: PASS | max_abs=0.00088155 | max_rel=88.1868 | failed=0/1048576
summary: PASS | max_abs=0.00088155 | max_rel=88.1868 | failed=0/2097152

=== Performance benchmark ===
timing excludes random-data generation and uses a fixed input
CUDA latency is measured with torch.cuda.Event on the current stream
baseline : median=1.2434 ms | mean=1.2789 ms | p90=1.2760 ms | min=1.2199 ms | throughput=6588174.89 token/s
optimized: median=0.5154 ms | mean=0.5224 ms | p90=0.5183 ms | min=0.5138 ms | throughput=15893711.32 token/s
speedup  : 2.412x based on median latency

########################################################################
SHAPE 10: eager baseline versus eager SDPA
########################################################################
/tmp/sionm/techjam3-sweep-770672/.venv/lib/python3.12/site-packages/torch/_subclasses/functional_tensor.py:307: UserWarning: Failed to initialize NumPy: No module named 'numpy' (Triggered internally at /pytorch/torch/csrc/utils/tensor_numpy.cpp:84.)
  cpu = _conversion_method_template(device=torch.device("cpu"))
=== Configuration ===
TransformerConfig(batch_size=64, seq_len=128, d_model=128, num_heads=2, ffn_dim=128, num_layers=4, causal=True)
device=cuda, dtype=torch.float32, torch=2.11.0+cu128
gpu=NVIDIA H100 NVL MIG 3g.47gb

=== Accuracy check ===
criterion: abs_error <= 0.002 OR relative_error <= 2.00%
trial 01/2: PASS | max_abs=0.00104797 | max_rel=374.601 | failed=0/1048576
trial 02/2: PASS | max_abs=0.00105834 | max_rel=165.212 | failed=0/1048576
summary: PASS | max_abs=0.00105834 | max_rel=374.601 | failed=0/2097152

=== Performance benchmark ===
timing excludes random-data generation and uses a fixed input
CUDA latency is measured with torch.cuda.Event on the current stream
baseline : median=1.3425 ms | mean=1.3486 ms | p90=1.3635 ms | min=1.3158 ms | throughput=6101993.82 token/s
optimized: median=0.8968 ms | mean=0.8978 ms | p90=0.9007 ms | min=0.8882 ms | throughput=9135027.08 token/s
speedup  : 1.497x based on median latency

########################################################################
SHAPE 10: eager baseline versus compiled SDPA
########################################################################
/tmp/sionm/techjam3-sweep-770672/.venv/lib/python3.12/site-packages/torch/_subclasses/functional_tensor.py:307: UserWarning: Failed to initialize NumPy: No module named 'numpy' (Triggered internally at /pytorch/torch/csrc/utils/tensor_numpy.cpp:84.)
  cpu = _conversion_method_template(device=torch.device("cpu"))
W0829 17:58:27.335000 141846 torch/_inductor/utils.py:1731] [0/0] Not enough SMs to use max_autotune_gemm mode
=== Configuration ===
TransformerConfig(batch_size=64, seq_len=128, d_model=128, num_heads=2, ffn_dim=128, num_layers=4, causal=True)
device=cuda, dtype=torch.float32, torch=2.11.0+cu128
gpu=NVIDIA H100 NVL MIG 3g.47gb

=== Accuracy check ===
criterion: abs_error <= 0.002 OR relative_error <= 2.00%
trial 01/2: PASS | max_abs=0.00110674 | max_rel=635.519 | failed=0/1048576
trial 02/2: PASS | max_abs=0.00105834 | max_rel=90.4327 | failed=0/1048576
summary: PASS | max_abs=0.00110674 | max_rel=635.519 | failed=0/2097152

=== Performance benchmark ===
timing excludes random-data generation and uses a fixed input
CUDA latency is measured with torch.cuda.Event on the current stream
baseline : median=1.3961 ms | mean=1.4377 ms | p90=1.4338 ms | min=1.3700 ms | throughput=5867589.45 token/s
optimized: median=0.5512 ms | mean=0.5608 ms | p90=0.5796 ms | min=0.5461 ms | throughput=14861687.45 token/s
speedup  : 2.533x based on median latency

########################################################################
SHAPE 11: eager baseline versus eager SDPA
########################################################################
/tmp/sionm/techjam3-sweep-770672/.venv/lib/python3.12/site-packages/torch/_subclasses/functional_tensor.py:307: UserWarning: Failed to initialize NumPy: No module named 'numpy' (Triggered internally at /pytorch/torch/csrc/utils/tensor_numpy.cpp:84.)
  cpu = _conversion_method_template(device=torch.device("cpu"))
=== Configuration ===
TransformerConfig(batch_size=64, seq_len=128, d_model=128, num_heads=16, ffn_dim=128, num_layers=4, causal=True)
device=cuda, dtype=torch.float32, torch=2.11.0+cu128
gpu=NVIDIA H100 NVL MIG 3g.47gb

=== Accuracy check ===
criterion: abs_error <= 0.002 OR relative_error <= 2.00%
trial 01/2: PASS | max_abs=0.000978172 | max_rel=13.7558 | failed=0/1048576
trial 02/2: PASS | max_abs=0.0012235 | max_rel=172.669 | failed=0/1048576
summary: PASS | max_abs=0.0012235 | max_rel=172.669 | failed=0/2097152

=== Performance benchmark ===
timing excludes random-data generation and uses a fixed input
CUDA latency is measured with torch.cuda.Event on the current stream
baseline : median=3.6738 ms | mean=3.7087 ms | p90=3.8038 ms | min=3.6447 ms | throughput=2229858.31 token/s
optimized: median=1.6667 ms | mean=1.6828 ms | p90=1.7512 ms | min=1.6561 ms | throughput=4915137.01 token/s
speedup  : 2.204x based on median latency

########################################################################
SHAPE 11: eager baseline versus compiled SDPA
########################################################################
/tmp/sionm/techjam3-sweep-770672/.venv/lib/python3.12/site-packages/torch/_subclasses/functional_tensor.py:307: UserWarning: Failed to initialize NumPy: No module named 'numpy' (Triggered internally at /pytorch/torch/csrc/utils/tensor_numpy.cpp:84.)
  cpu = _conversion_method_template(device=torch.device("cpu"))
W0829 17:58:36.949000 141918 torch/_inductor/utils.py:1731] [0/0] Not enough SMs to use max_autotune_gemm mode
=== Configuration ===
TransformerConfig(batch_size=64, seq_len=128, d_model=128, num_heads=16, ffn_dim=128, num_layers=4, causal=True)
device=cuda, dtype=torch.float32, torch=2.11.0+cu128
gpu=NVIDIA H100 NVL MIG 3g.47gb

=== Accuracy check ===
criterion: abs_error <= 0.002 OR relative_error <= 2.00%
trial 01/2: PASS | max_abs=0.000978231 | max_rel=53.9862 | failed=0/1048576
trial 02/2: PASS | max_abs=0.0012235 | max_rel=353.443 | failed=0/1048576
summary: PASS | max_abs=0.0012235 | max_rel=353.443 | failed=0/2097152

=== Performance benchmark ===
timing excludes random-data generation and uses a fixed input
CUDA latency is measured with torch.cuda.Event on the current stream
baseline : median=3.6668 ms | mean=3.7070 ms | p90=3.7277 ms | min=3.6519 ms | throughput=2234090.83 token/s
optimized: median=1.3058 ms | mean=1.3163 ms | p90=1.3099 ms | min=1.2978 ms | throughput=6273740.84 token/s
speedup  : 2.808x based on median latency

########################################################################
SHAPE 12: eager baseline versus eager SDPA
########################################################################
/tmp/sionm/techjam3-sweep-770672/.venv/lib/python3.12/site-packages/torch/_subclasses/functional_tensor.py:307: UserWarning: Failed to initialize NumPy: No module named 'numpy' (Triggered internally at /pytorch/torch/csrc/utils/tensor_numpy.cpp:84.)
  cpu = _conversion_method_template(device=torch.device("cpu"))
=== Configuration ===
TransformerConfig(batch_size=64, seq_len=32, d_model=128, num_heads=4, ffn_dim=128, num_layers=4, causal=True)
device=cuda, dtype=torch.float32, torch=2.11.0+cu128
gpu=NVIDIA H100 NVL MIG 3g.47gb

=== Accuracy check ===
criterion: abs_error <= 0.002 OR relative_error <= 2.00%
trial 01/2: PASS | max_abs=0.00051111 | max_rel=22.2994 | failed=0/262144
trial 02/2: PASS | max_abs=0.000479043 | max_rel=8.53199 | failed=0/262144
summary: PASS | max_abs=0.00051111 | max_rel=22.2994 | failed=0/524288

=== Performance benchmark ===
timing excludes random-data generation and uses a fixed input
CUDA latency is measured with torch.cuda.Event on the current stream
baseline : median=1.4279 ms | mean=1.4324 ms | p90=1.4439 ms | min=1.4092 ms | throughput=1434302.23 token/s
optimized: median=0.7047 ms | mean=0.7081 ms | p90=0.7185 ms | min=0.6935 ms | throughput=2906250.78 token/s
speedup  : 2.026x based on median latency

########################################################################
SHAPE 12: eager baseline versus compiled SDPA
########################################################################
/tmp/sionm/techjam3-sweep-770672/.venv/lib/python3.12/site-packages/torch/_subclasses/functional_tensor.py:307: UserWarning: Failed to initialize NumPy: No module named 'numpy' (Triggered internally at /pytorch/torch/csrc/utils/tensor_numpy.cpp:84.)
  cpu = _conversion_method_template(device=torch.device("cpu"))
W0829 17:58:46.256000 141991 torch/_inductor/utils.py:1731] [0/0] Not enough SMs to use max_autotune_gemm mode
=== Configuration ===
TransformerConfig(batch_size=64, seq_len=32, d_model=128, num_heads=4, ffn_dim=128, num_layers=4, causal=True)
device=cuda, dtype=torch.float32, torch=2.11.0+cu128
gpu=NVIDIA H100 NVL MIG 3g.47gb

=== Accuracy check ===
criterion: abs_error <= 0.002 OR relative_error <= 2.00%
trial 01/2: PASS | max_abs=0.00051108 | max_rel=31.6108 | failed=0/262144
trial 02/2: PASS | max_abs=0.00050509 | max_rel=8.26233 | failed=0/262144
summary: PASS | max_abs=0.00051108 | max_rel=31.6108 | failed=0/524288

=== Performance benchmark ===
timing excludes random-data generation and uses a fixed input
CUDA latency is measured with torch.cuda.Event on the current stream
baseline : median=1.4516 ms | mean=1.5110 ms | p90=1.4968 ms | min=1.4143 ms | throughput=1410825.86 token/s
optimized: median=0.2825 ms | mean=0.2921 ms | p90=0.2844 ms | min=0.2776 ms | throughput=7249249.35 token/s
speedup  : 5.138x based on median latency

########################################################################
SHAPE 13: eager baseline versus eager SDPA
########################################################################
/tmp/sionm/techjam3-sweep-770672/.venv/lib/python3.12/site-packages/torch/_subclasses/functional_tensor.py:307: UserWarning: Failed to initialize NumPy: No module named 'numpy' (Triggered internally at /pytorch/torch/csrc/utils/tensor_numpy.cpp:84.)
  cpu = _conversion_method_template(device=torch.device("cpu"))
=== Configuration ===
TransformerConfig(batch_size=64, seq_len=1024, d_model=128, num_heads=4, ffn_dim=128, num_layers=4, causal=True)
device=cuda, dtype=torch.float32, torch=2.11.0+cu128
gpu=NVIDIA H100 NVL MIG 3g.47gb

=== Accuracy check ===
criterion: abs_error <= 0.002 OR relative_error <= 2.00%
trial 01/2: PASS | max_abs=0.00103241 | max_rel=5303.96 | failed=0/8388608
trial 02/2: PASS | max_abs=0.0010162 | max_rel=2439.46 | failed=0/8388608
summary: PASS | max_abs=0.00103241 | max_rel=5303.96 | failed=0/16777216

=== Performance benchmark ===
timing excludes random-data generation and uses a fixed input
CUDA latency is measured with torch.cuda.Event on the current stream
baseline : median=48.7598 ms | mean=49.3905 ms | p90=52.6016 ms | min=46.5957 ms | throughput=1344056.91 token/s
optimized: median=13.9636 ms | mean=14.0281 ms | p90=14.4282 ms | min=13.7669 ms | throughput=4693350.95 token/s
speedup  : 3.492x based on median latency

########################################################################
SHAPE 13: eager baseline versus compiled SDPA
########################################################################
/tmp/sionm/techjam3-sweep-770672/.venv/lib/python3.12/site-packages/torch/_subclasses/functional_tensor.py:307: UserWarning: Failed to initialize NumPy: No module named 'numpy' (Triggered internally at /pytorch/torch/csrc/utils/tensor_numpy.cpp:84.)
  cpu = _conversion_method_template(device=torch.device("cpu"))
W0829 17:58:58.508000 142042 torch/_inductor/utils.py:1731] [0/0] Not enough SMs to use max_autotune_gemm mode
=== Configuration ===
TransformerConfig(batch_size=64, seq_len=1024, d_model=128, num_heads=4, ffn_dim=128, num_layers=4, causal=True)
device=cuda, dtype=torch.float32, torch=2.11.0+cu128
gpu=NVIDIA H100 NVL MIG 3g.47gb

=== Accuracy check ===
criterion: abs_error <= 0.002 OR relative_error <= 2.00%
trial 01/2: PASS | max_abs=0.00103241 | max_rel=10835.9 | failed=0/8388608
trial 02/2: PASS | max_abs=0.00101621 | max_rel=1733.14 | failed=0/8388608
summary: PASS | max_abs=0.00103241 | max_rel=10835.9 | failed=0/16777216

=== Performance benchmark ===
timing excludes random-data generation and uses a fixed input
CUDA latency is measured with torch.cuda.Event on the current stream
baseline : median=46.6637 ms | mean=47.2753 ms | p90=48.5160 ms | min=46.3298 ms | throughput=1404432.77 token/s
optimized: median=12.9627 ms | mean=13.1317 ms | p90=13.6423 ms | min=12.4875 ms | throughput=5055741.54 token/s
speedup  : 3.600x based on median latency

=== Shapes 1-13 exploratory sweep completed ===
